EolCommentPrefix //
Id PARSER_WEEDER
Public public
Class class
Id J1_commentsInExp1
LeftBrace {
Public public
Id J1_commentsInExp1
LeftParen (
RightParen )
LeftBrace {
RightBrace }
Public public
Static static
Int int
Id test
LeftParen (
RightParen )
LeftBrace {
Int int
Id a
Assign =
Minus -
TraditionalCommentPrefix /*
Id comments
Id are
Id funny
TraditionalCommentPostfix */
DecimalInteger 123
SemiColon ;
Return return
Minus -
Id a
SemiColon ;
RightBrace }
RightBrace }
