EolCommentPrefix //
Id PARSER_WEEDER
Public public
Class class
Id J1_externalcall
LeftBrace {
Public public
Id J1_externalcall
LeftParen (
RightParen )
LeftBrace {
RightBrace }
Public public
Static static
Int int
Id test
LeftParen (
RightParen )
LeftBrace {
Return return
New new
Id java
Dot .
Id lang
Dot .
Id Integer
LeftParen (
DecimalInteger 0
RightParen )
Dot .
Id intValue
LeftParen (
RightParen )
Plus +
DecimalInteger 123
SemiColon ;
RightBrace }
RightBrace }
