EolCommentPrefix //
Id PARSER_WEEDER
Public public
Class class
Id J1_exp
LeftBrace {
Public public
Id J1_exp
LeftParen (
RightParen )
LeftBrace {
RightBrace }
Public public
Static static
Int int
Id test
LeftParen (
RightParen )
LeftBrace {
Return return
DecimalInteger 123
SemiColon ;
RightBrace }
RightBrace }
