EolCommentPrefix //
Id PARSER_WEEDER
Public public
Class class
Id J1_forifstatements3
LeftBrace {
Public public
Id J1_forifstatements3
LeftParen (
RightParen )
LeftBrace {
RightBrace }
Public public
Static static
Int int
Id test
LeftParen (
RightParen )
LeftBrace {
Int int
Id i
Assign =
DecimalInteger 42
SemiColon ;
For for
LeftParen (
Id i
Assign =
DecimalInteger 0
SemiColon ;
Id i
Less <
DecimalInteger 10
SemiColon ;
Id i
Assign =
Id i
Plus +
DecimalInteger 1
RightParen )
If if
LeftParen (
Id i
Equal ==
DecimalInteger 0
RightParen )
If if
LeftParen (
Id i
NotEqual !=
DecimalInteger 0
RightParen )
Return return
DecimalInteger 42
SemiColon ;
Else else
EolCommentPrefix //
Id must
Id bind
Id to
Id closest
If if
Return return
DecimalInteger 123
SemiColon ;
Return return
DecimalInteger 42
SemiColon ;
RightBrace }
RightBrace }
