EolCommentPrefix //
Id PARSER_WEEDER
Public public
Class class
Id J1_IntCharInit
LeftBrace {
Public public
Id J1_IntCharInit
LeftParen (
RightParen )
LeftBrace {
RightBrace }
Public public
Static static
Int int
Id test
LeftParen (
RightParen )
LeftBrace {
Int int
Id x
Assign =
Character '*'
SemiColon ;
Return return
Id x
Plus +
DecimalInteger 81
SemiColon ;
RightBrace }
RightBrace }
