EolCommentPrefix //
Id PARSER_WEEDER
Public public
Class class
Id J1_lazybooleanoperations
LeftBrace {
Public public
Id J1_lazybooleanoperations
LeftParen (
RightParen )
LeftBrace {
RightBrace }
Public public
Static static
Int int
Id test
LeftParen (
RightParen )
LeftBrace {
Boolean boolean
Id x
Assign =
True true
SemiColon ;
Boolean boolean
Id y
Assign =
LeftParen (
Id x
And &&
True true
RightParen )
Or ||
Id x
SemiColon ;
Return return
DecimalInteger 123
SemiColon ;
RightBrace }
RightBrace }
