EolCommentPrefix //
Id PARSER_WEEDER
Comma ,
Id CODE_GENERATION
Public public
Class class
Id J1_minuschar
LeftBrace {
Public public
Id J1_minuschar
LeftParen (
RightParen )
LeftBrace {
RightBrace }
Public public
Static static
Int int
Id test
LeftParen (
RightParen )
LeftBrace {
Return return
Minus -
Minus -
Character '{'
SemiColon ;
RightBrace }
RightBrace }
