EolCommentPrefix //
Id PARSER_WEEDER
Public public
Class class
Id J1_nullliteral
LeftBrace {
Public public
Id J1_nullliteral
LeftParen (
RightParen )
LeftBrace {
RightBrace }
Public public
Static static
Int int
Id test
LeftParen (
RightParen )
LeftBrace {
Id Object
Id o
Assign =
Null null
SemiColon ;
Return return
DecimalInteger 123
SemiColon ;
RightBrace }
RightBrace }
