EolCommentPrefix //
Id PARSER_WEEDER
Comma ,
Id CODE_GENERATION
Public public
Class class
Id J1_NegativeShortCast
LeftBrace {
Public public
Id J1_NegativeShortCast
LeftParen (
RightParen )
LeftBrace {
RightBrace }
Public public
Static static
Int int
Id test
LeftParen (
RightParen )
LeftBrace {
Return return
LeftParen (
Short short
RightParen )
Minus -
DecimalInteger 123456
Minus -
DecimalInteger 7493
SemiColon ;
RightBrace }
RightBrace }
