EolCommentPrefix //
Id PARSER_WEEDER
Comma ,
Id CODE_GENERATION
Public public
Class class
Id J1_NegativeOneByteShortCast
LeftBrace {
Public public
Id J1_NegativeOneByteShortCast
LeftParen (
RightParen )
LeftBrace {
RightBrace }
Public public
Static static
Int int
Id test
LeftParen (
RightParen )
LeftBrace {
Return return
LeftParen (
Short short
RightParen )
Minus -
DecimalInteger 123
Plus +
DecimalInteger 246
SemiColon ;
RightBrace }
RightBrace }
