EolCommentPrefix //
Id PARSER_WEEDER
Public public
Class class
Id J1_octal_escape3
LeftBrace {
Public public
Id J1_octal_escape3
LeftParen (
RightParen )
LeftBrace {
RightBrace }
Public public
Static static
Int int
Id test
LeftParen (
RightParen )
LeftBrace {
Return return
LeftParen (
Int int
RightParen )
Character '\7'
Plus +
LeftParen (
Int int
RightParen )
Character '\77'
Plus +
DecimalInteger 53
SemiColon ;
RightBrace }
RightBrace }
