EolCommentPrefix //
Id PARSER_WEEDER
Public public
Class class
Id J1_protected
LeftBrace {
Protected protected
Int int
Id i
SemiColon ;
Public public
Id J1_protected
LeftParen (
RightParen )
LeftBrace {
RightBrace }
Public public
Static static
Int int
Id test
LeftParen (
RightParen )
LeftBrace {
Return return
DecimalInteger 123
SemiColon ;
RightBrace }
RightBrace }
