EolCommentPrefix //
Id JOOS1
Colon :
Id PARSER_WEEDER
Comma ,
Id PARSER_EXCEPTION
EolCommentPrefix //
Id JOOS2
Colon :
Id PARSER_WEEDER
Comma ,
Id PARSER_EXCEPTION
TraditionalCommentPrefix /*
Multiply *
Multiply *
Id Parser
Divide /
Id weeder
Colon :
Multiply *
Minus -
Id Assignment
Id operations
Id not
Id allowed
TraditionalCommentPostfix */
Public public
Class class
Id Je_1_NonJoosConstructs_AssignmentOperations_SignShiftRight
LeftBrace {
Public public
Id Je_1_NonJoosConstructs_AssignmentOperations_SignShiftRight
LeftParen (
RightParen )
LeftBrace {
RightBrace }
Public public
Static static
Int int
Id test
LeftParen (
RightParen )
LeftBrace {
Int int
Id x
Assign =
Minus -
DecimalInteger 492
SemiColon ;
Id x
RightShiftAssign >>=
DecimalInteger 2
SemiColon ;
Return return
Id x
Plus +
DecimalInteger 246
SemiColon ;
RightBrace }
RightBrace }
