EolCommentPrefix //
Id JOOS1
Colon :
Id PARSER_WEEDER
Comma ,
Id PARSER_EXCEPTION
EolCommentPrefix //
Id JOOS2
Colon :
Id PARSER_WEEDER
Comma ,
Id PARSER_EXCEPTION
EolCommentPrefix //
Id JAVAC
Colon :
Id UNKNOWN
EolCommentPrefix //
TraditionalCommentPrefix /*
Multiply *
Multiply *
Id Parser
Divide /
Id weeder
Colon :
Multiply *
Minus -
LeftParen (
Id Joos
DecimalInteger 1
RightParen )
Id No
Id interfaces
Id allowed
Multiply *
Minus -
LeftParen (
Id Joos2
RightParen )
Id An
Interface interface
Id must
Id have
Id a
Id body
TraditionalCommentPostfix */
Public public
Interface interface
Id Je_1_Interface_NoBody
