EolCommentPrefix //
Id JOOS1
Colon :
Id PARSER_WEEDER
Comma ,
Id PARSER_EXCEPTION
EolCommentPrefix //
Id JOOS2
Colon :
Id PARSER_WEEDER
Comma ,
Id PARSER_EXCEPTION
EolCommentPrefix //
Id JAVAC
Colon :
Id UNKNOWN
EolCommentPrefix //
TraditionalCommentPrefix /*
Multiply *
Multiply *
Id Parser
Divide /
Id weeder
Colon :
Multiply *
Minus -
LeftParen (
Id Joos
DecimalInteger 1
RightParen )
Id No
Id multidimensional
Id array
Id creation
Id expressions
Id allowed
Multiply *
Minus -
LeftParen (
Id Joos
DecimalInteger 2
RightParen )
Id Multidimenstional
Id array
Id creation
Id expressions
Id must
Id have
Id a
Multiply *
Id base
Id type
Dot .
TraditionalCommentPostfix */
Public public
Class class
Id Je_1_MultiArrayCreation_NoType
LeftBrace {
Public public
Id Je_1_MultiArrayCreation_NoType
LeftParen (
RightParen )
LeftBrace {
RightBrace }
Public public
Static static
Int int
Id test
LeftParen (
RightParen )
LeftBrace {
Int int
LeftBracket [
RightBracket ]
LeftBracket [
RightBracket ]
Id a
Assign =
New new
LeftBracket [
DecimalInteger 2
RightBracket ]
LeftBracket [
DecimalInteger 2
RightBracket ]
SemiColon ;
Return return
DecimalInteger 123
SemiColon ;
RightBrace }
RightBrace }
