EolCommentPrefix //
Id PARSER_WEEDER
EolCommentPrefix //
Id JOOS1
Colon :
Id PARSER_EXCEPTION
EolCommentPrefix //
Id JOOS2
Colon :
Id PARSER_EXCEPTION
EolCommentPrefix //
Id JAVAC
Colon :
TraditionalCommentPrefix /*
Multiply *
Multiply *
Id Parser
Divide /
Id weeder
Colon :
Multiply *
Minus -
Id Local
Id variables
Id must
Id not
Id be
Final final
TraditionalCommentPostfix */
Public public
Class class
Id Je_1_Locals_Final
LeftBrace {
Public public
Id Je_1_Locals_Final
LeftParen (
RightParen )
LeftBrace {
RightBrace }
Public public
Static static
Int int
Id test
LeftParen (
RightParen )
LeftBrace {
Final final
Int int
Id x
Assign =
DecimalInteger 123
SemiColon ;
Return return
DecimalInteger 123
SemiColon ;
RightBrace }
RightBrace }
