EolCommentPrefix //
Id JOOS1
Colon :
Id PARSER_WEEDER
Comma ,
Id NON_ABSTRACT_METHOD_BODY
Comma ,
Id PARSER_EXCEPTION
EolCommentPrefix //
Id JOOS2
Colon :
Id PARSER_WEEDER
Comma ,
Id NON_ABSTRACT_METHOD_BODY
Comma ,
Id PARSER_EXCEPTION
EolCommentPrefix //
Id JAVAC
Colon :
Id UNKNOWN
EolCommentPrefix //
TraditionalCommentPrefix /*
Multiply *
Multiply *
Id Parser
Divide /
Id weeder
Colon :
Multiply *
Minus -
Id A
Id non
Minus -
Abstract abstract
Id method
Id must
Id have
Id a
Id body
Dot .
TraditionalCommentPostfix */
Public public
Class class
Id Je_1_NonAbstractMethod_Body
LeftBrace {
Public public
Id Je_1_NonAbstractMethod_Body
LeftParen (
RightParen )
LeftBrace {
RightBrace }
Public public
Static static
Int int
Id test
LeftParen (
RightParen )
LeftBrace {
Return return
DecimalInteger 123
SemiColon ;
RightBrace }
Public public
Void void
Id foo
LeftParen (
RightParen )
SemiColon ;
RightBrace }
