EolCommentPrefix //
Id JOOS1
Colon :
Id PARSER_WEEDER
Comma ,
Id JOOS1_INC_DEC
Comma ,
Id PARSER_EXCEPTION
EolCommentPrefix //
Id JOOS2
Colon :
Id TYPE_CHECKING
Comma ,
Id NON_NUMERIC_INC_DEC
EolCommentPrefix //
Id JAVAC
Colon :
Id UNKNOWN
TraditionalCommentPrefix /*
Multiply *
Multiply *
Id Parser
Divide /
Id Weeder
Colon :
Multiply *
Minus -
LeftParen (
Id Joos
DecimalInteger 1
RightParen )
Id Increment
Id and
Id decrement
Id operators
Id not
Id allowed
Multiply *
Id Typecheck
Colon :
Multiply *
Minus -
LeftParen (
Id Joos
DecimalInteger 2
RightParen )
Id Decrement
Id operator
Id is
Id only
Id allowed
Id on
Id numeric
Id types
TraditionalCommentPostfix */
Public public
Class class
Id Je_16_IncDec_StringPreDec
LeftBrace {
Public public
Id Je_16_IncDec_StringPreDec
LeftParen (
RightParen )
LeftBrace {
RightBrace }
Public public
Static static
Int int
Id test
LeftParen (
RightParen )
LeftBrace {
Id String
Id d
Assign =
String "1"
SemiColon ;
Minus -
Minus -
Id d
SemiColon ;
Return return
DecimalInteger 123
SemiColon ;
RightBrace }
RightBrace }
