EolCommentPrefix //
Id JOOS1
Colon :
Id PARSER_WEEDER
Comma ,
Id JOOS1_THROW
Comma ,
Id PARSER_EXCEPTION
EolCommentPrefix //
Id JOOS2
Colon :
Id TYPE_CHECKING
Comma ,
Id ASSIGN_TYPE
EolCommentPrefix //
Id JAVAC
Colon :
Id UNKNOWN
TraditionalCommentPrefix /*
Multiply *
Multiply *
Id Parser
Divide /
Id weeder
Colon :
Multiply *
Minus -
LeftParen (
Id Joos
DecimalInteger 1
RightParen )
Id Explicit
Throw throw
Id statement
Id not
Id allowed
Multiply *
Id Typecheck
Colon :
Multiply *
Minus -
LeftParen (
Id Joos
DecimalInteger 2
RightParen )
Id Static
Id type
Id of
Id expression
Id in
Throw throw
Id statement
Id must
Id be
Multiply *
Id a
Id subtype
Id of
Id java
Dot .
Id lang
Dot .
Id Throwable
Dot .
TraditionalCommentPostfix */
Public public
Class class
Id Je_16_Throw_SimpleType
LeftBrace {
Public public
Id Je_16_Throw_SimpleType
LeftParen (
RightParen )
LeftBrace {
RightBrace }
Public public
Static static
Int int
Id test
LeftParen (
RightParen )
LeftBrace {
Throw throw
DecimalInteger 123
SemiColon ;
RightBrace }
RightBrace }
