EolCommentPrefix //
Id PARSER_WEEDER
EolCommentPrefix //
Id JOOS1
Colon :
Id PARSER_EXCEPTION
EolCommentPrefix //
Id JOOS2
Colon :
Id PARSER_EXCEPTION
EolCommentPrefix //
Id JAVAC
Colon :
TraditionalCommentPrefix /*
Multiply *
Multiply *
Id Parser
Divide /
Id weeder
Colon :
Multiply *
Minus -
Id Multiple
Id variables
Id in
Id same
Id declaration
Id not
Id allowed
Dot .
TraditionalCommentPostfix */
Public public
Class class
Id Je_1_Declarations_MultipleVars_Fields
LeftBrace {
Public public
Int int
Id x
Comma ,
Id y
Comma ,
Id z
SemiColon ;
Public public
Id Je_1_Declarations_MultipleVars_Fields
LeftParen (
RightParen )
LeftBrace {
RightBrace }
Public public
Static static
Int int
Id test
LeftParen (
RightParen )
LeftBrace {
Return return
DecimalInteger 123
SemiColon ;
RightBrace }
RightBrace }
