EolCommentPrefix //
Id JOOS1
Colon :
Id PARSER_WEEDER
Comma ,
Id LEXER_EXCEPTION
EolCommentPrefix //
Id JOOS2
Colon :
Id PARSER_WEEDER
Comma ,
Id LEXER_EXCEPTION
EolCommentPrefix //
Id JAVAC
Colon :
Id UNKNOWN
EolCommentPrefix //
TraditionalCommentPrefix /*
Multiply *
Multiply *
Id Parser
Divide /
Id Weeder
Multiply *
Minus -
Id Add
Id character
Id escapes
Dot .
TraditionalCommentPostfix */
Public public
Class class
Id Je_1_Escapes_1DigitOctal_2
LeftBrace {
Public public
Id Je_1_Escapes_1DigitOctal_2
LeftParen (
RightParen )
LeftBrace {
RightBrace }
Public public
Static static
Int int
Id test
LeftParen (
RightParen )
LeftBrace {
Id String
Id c
Assign =
String "\8"
SemiColon ;
Return return
DecimalInteger 123
SemiColon ;
RightBrace }
RightBrace }
