EolCommentPrefix //
Id PARSER_WEEDER
EolCommentPrefix //
Id JOOS1
Colon :
Id PARSER_EXCEPTION
EolCommentPrefix //
Id JOOS2
Colon :
Id PARSER_EXCEPTION
EolCommentPrefix //
Id JAVAC
Colon :
TraditionalCommentPrefix /*
Multiply *
Multiply *
Id Parser
Divide /
Id weeder
Colon :
Multiply *
Minus -
Id Hex
Id literals
Id not
Id allowed
Dot .
TraditionalCommentPostfix */
Public public
Class class
Id Je_1_Literals_Hex
LeftBrace {
Public public
Id Je_1_Literals_Hex
LeftParen (
RightParen )
LeftBrace {
RightBrace }
Public public
Static static
Int int
Id test
LeftParen (
RightParen )
LeftBrace {
Return return
HexInteger 0x7B
SemiColon ;
RightBrace }
RightBrace }
