EolCommentPrefix //
Id JOOS1
Colon :
Id PARSER_WEEDER
Comma ,
Id PARSER_EXCEPTION
EolCommentPrefix //
Id JOOS2
Colon :
Id PARSER_WEEDER
Comma ,
Id PARSER_EXCEPTION
EolCommentPrefix //
Id JAVAC
Colon :
Id RUN_EXCEPTION
Class class
Id Je_1_PackagePrivate_Class
LeftBrace {
Public public
Id Je_1_PackagePrivate_Class
LeftParen (
RightParen )
LeftBrace {
RightBrace }
Public public
Static static
Int int
Id test
LeftParen (
RightParen )
LeftBrace {
Return return
DecimalInteger 123
SemiColon ;
RightBrace }
RightBrace }
