EolCommentPrefix //
Id PARSER_WEEDER
EolCommentPrefix //
Id JOOS1
Colon :
Id PARSER_EXCEPTION
EolCommentPrefix //
Id JOOS2
Colon :
Id PARSER_EXCEPTION
EolCommentPrefix //
Id JAVAC
Colon :
TraditionalCommentPrefix /*
Multiply *
Multiply *
Id Parser
Divide /
Id weeder
Colon :
Multiply *
Minus -
Id Type
Double double
Id not
Id allowed
Id in
Id Joos
TraditionalCommentPostfix */
Public public
Class class
Id Je_1_JoosTypes_Double
LeftBrace {
Public public
Id Je_1_JoosTypes_Double
LeftParen (
RightParen )
LeftBrace {
RightBrace }
Public public
Static static
Int int
Id test
LeftParen (
RightParen )
LeftBrace {
Double double
Id y
Assign =
Id Math
Dot .
Id PI
SemiColon ;
Return return
DecimalInteger 123
SemiColon ;
RightBrace }
RightBrace }
