EolCommentPrefix //
Id JOOS1
Colon :
Id PARSER_WEEDER
Comma ,
Id PARSER_EXCEPTION
EolCommentPrefix //
Id JOOS2
Colon :
Id PARSER_WEEDER
Comma ,
Id PARSER_EXCEPTION
EolCommentPrefix //
Id JAVAC
Colon :
EolCommentPrefix //
TraditionalCommentPrefix /*
Multiply *
Multiply *
Id Parser
Divide /
Id weeder
Colon :
Multiply *
Minus -
Id Assignment
Id operations
Id not
Id allowed
TraditionalCommentPostfix */
Public public
Class class
Id Je_1_NonJoosConstructs_AssignmentOperations_Minus
LeftBrace {
Public public
Id Je_1_NonJoosConstructs_AssignmentOperations_Minus
LeftParen (
RightParen )
LeftBrace {
RightBrace }
Public public
Static static
Int int
Id test
LeftParen (
RightParen )
LeftBrace {
Int int
Id x
Assign =
DecimalInteger 165
SemiColon ;
Id x
MinusAssign -=
DecimalInteger 42
SemiColon ;
Return return
Id x
SemiColon ;
RightBrace }
RightBrace }
