EolCommentPrefix //
Id JOOS1
Colon :
Id PARSER_WEEDER
Comma ,
Id ABSTRACT_METHOD_FINAL_OR_STATIC
Comma ,
Id PARSER_EXCEPTION
EolCommentPrefix //
Id JOOS2
Colon :
Id PARSER_WEEDER
Comma ,
Id ABSTRACT_METHOD_FINAL_OR_STATIC
Comma ,
Id PARSER_EXCEPTION
EolCommentPrefix //
Id JAVAC
Colon :
Id UNKNOWN
TraditionalCommentPrefix /*
Multiply *
Multiply *
Id Parser
Divide /
Id weeder
Colon :
Multiply *
Minus -
Id An
Abstract abstract
Id method
Id cannot
Id be
Static static
Id or
Final final
Dot .
TraditionalCommentPostfix */
Public public
Abstract abstract
Class class
Id Je_1_AbstractMethod_Final
LeftBrace {
Public public
Id Je_1_AbstractMethod_Final
LeftParen (
RightParen )
LeftBrace {
RightBrace }
Public public
Static static
Int int
Id test
LeftParen (
RightParen )
LeftBrace {
Return return
DecimalInteger 123
SemiColon ;
RightBrace }
Public public
Abstract abstract
Final final
Void void
Id foo
LeftParen (
RightParen )
SemiColon ;
RightBrace }
