EolCommentPrefix //
Id JOOS1
Colon :
Id PARSER_WEEDER
Comma ,
Id PARSER_EXCEPTION
EolCommentPrefix //
Id JOOS2
Colon :
Id PARSER_WEEDER
Comma ,
Id PARSER_EXCEPTION
EolCommentPrefix //
Id JAVAC
Colon :
TraditionalCommentPrefix /*
Multiply *
Multiply *
Id Parser
Divide /
Id weeder
Colon :
Multiply *
Minus -
Id Synchronized
Id statements
Id not
Id allowed
Id in
Id joos
TraditionalCommentPostfix */
Public public
Class class
Id Je_1_NonJoosConstructs_SynchronizedStatement
LeftBrace {
Public public
Id Je_1_NonJoosConstructs_SynchronizedStatement
LeftParen (
RightParen )
LeftBrace {
RightBrace }
Public public
Static static
Int int
Id test
LeftParen (
RightParen )
LeftBrace {
Id Integer
Id x
Assign =
New new
Id Integer
LeftParen (
DecimalInteger 16
RightParen )
SemiColon ;
Synchronized synchronized
LeftParen (
Id x
RightParen )
LeftBrace {
Id x
Assign =
New new
Id Integer
LeftParen (
DecimalInteger 42
RightParen )
SemiColon ;
RightBrace }
Return return
DecimalInteger 123
SemiColon ;
RightBrace }
RightBrace }
