EolCommentPrefix //
Id JOOS1
Colon :
Id PARSER_WEEDER
Comma ,
Id INVALID_INTEGER
EolCommentPrefix //
Id JOOS2
Colon :
Id PARSER_WEEDER
Comma ,
Id INVALID_INTEGER
EolCommentPrefix //
Id JAVAC
Colon :
Id UNKNOWN
EolCommentPrefix //
TraditionalCommentPrefix /*
Multiply *
Multiply *
Id Parser
Divide /
Id weeder
Colon :
Multiply *
Minus -
Id For
Id each
Id integer
Id literal
Id in
Id the
Id program
Comma ,
Dot .
Dot .
Dot .
Dot .
Id check
Id that
Id the
Multiply *
Id number
Id is
Id within
Id the
Id legal
Id range
For for
DecimalInteger 32
Minus -
Id bit
Id signed
Id integers
Dot .
TraditionalCommentPostfix */
Public public
Class class
Id Je_1_IntRange_TooBigIntNegated
LeftBrace {
Public public
Id Je_1_IntRange_TooBigIntNegated
LeftParen (
RightParen )
LeftBrace {
RightBrace }
Public public
Static static
Int int
Id test
LeftParen (
RightParen )
LeftBrace {
Return return
Minus -
LeftParen (
DecimalInteger 2147483648
RightParen )
Plus +
DecimalInteger 2147483000
Plus +
DecimalInteger 771
SemiColon ;
RightBrace }
RightBrace }
