EolCommentPrefix //
Id PARSER_WEEDER
EolCommentPrefix //
Id JOOS1
Colon :
Id PARSER_EXCEPTION
Comma ,
Id SYNTAX_ERROR
EolCommentPrefix //
Id JOOS2
Colon :
Id PARSER_EXCEPTION
Comma ,
Id SYNTAX_ERROR
EolCommentPrefix //
Id JAVAC
Colon :
TraditionalCommentPrefix /*
Multiply *
Multiply *
Id Parser
Divide /
Id weeder
Colon :
Multiply *
Minus -
Id Formal
Id parameters
Id must
Id not
Id be
Final final
TraditionalCommentPostfix */
Public public
Class class
Id Je_1_Formals_Final
LeftBrace {
Public public
Id Je_1_Formals_Final
LeftParen (
RightParen )
LeftBrace {
RightBrace }
Public public
Int int
Id m
LeftParen (
Final final
Int int
Id x
RightParen )
LeftBrace {
Return return
DecimalInteger 123
SemiColon ;
RightBrace }
Public public
Static static
Int int
Id test
LeftParen (
RightParen )
LeftBrace {
Return return
DecimalInteger 123
SemiColon ;
RightBrace }
RightBrace }
