EolCommentPrefix //
Id PARSER_WEEDER
EolCommentPrefix //
Id JOOS1
Colon :
Id JOOS1_INTERFACE
Comma ,
Id PARSER_EXCEPTION
EolCommentPrefix //
Id JOOS2
Colon :
Id STATIC_OR_FINAL_INTERFACE_METHOD
Comma ,
Id PARSER_EXCEPTION
EolCommentPrefix //
Id JAVAC
Colon :
Id UNKNOWN
TraditionalCommentPrefix /*
Multiply *
Multiply *
Id Parser
Divide /
Id weeder
Colon :
Multiply *
Minus -
LeftParen (
Id Joos
DecimalInteger 1
RightParen )
Id No
Id interfaces
Id allowed
Multiply *
Minus -
LeftParen (
Id Joos
DecimalInteger 2
RightParen )
Id An
Interface interface
Id method
Id cannot
Id be
Static static
Id or
Final final
TraditionalCommentPostfix */
Public public
Interface interface
Id Je_1_Interface_StaticMethod
LeftBrace {
Public public
Static static
Void void
Id foo
LeftParen (
RightParen )
SemiColon ;
RightBrace }
