EolCommentPrefix //
Id JOOS1
Colon :
Id PARSER_WEEDER
Comma ,
Id PARSER_EXCEPTION
EolCommentPrefix //
Id JOOS2
Colon :
Id PARSER_WEEDER
Comma ,
Id PARSER_EXCEPTION
EolCommentPrefix //
Id JAVAC
Colon :
TraditionalCommentPrefix /*
Multiply *
Multiply *
Id Parser
Divide /
Id weeder
Colon :
Multiply *
Minus -
Id Switch
Id statements
Id not
Id allowed
Id in
Id Joos
Dot .
TraditionalCommentPostfix */
Public public
Class class
Id Je_1_NonJoosConstructs_Switch
LeftBrace {
Public public
Id Je_1_NonJoosConstructs_Switch
LeftParen (
RightParen )
LeftBrace {
RightBrace }
Public public
Static static
Int int
Id test
LeftParen (
RightParen )
LeftBrace {
Int int
Id x
Assign =
DecimalInteger 42
SemiColon ;
Switch switch
LeftParen (
Id x
RightParen )
LeftBrace {
Case case
DecimalInteger 42
Colon :
Return return
DecimalInteger 123
SemiColon ;
RightBrace }
Return return
DecimalInteger 2
SemiColon ;
RightBrace }
RightBrace }
