EolCommentPrefix //
Id JOOS1
Colon :
Id PARSER_WEEDER
Comma ,
Id PARSER_EXCEPTION
EolCommentPrefix //
Id JOOS2
Colon :
Id PARSER_WEEDER
Comma ,
Id PARSER_EXCEPTION
EolCommentPrefix //
Id JAVAC
Colon :
Id UNKNOWN
EolCommentPrefix //
TraditionalCommentPrefix /*
Multiply *
Multiply *
Id Parser
Divide /
Id weeder
Colon :
Multiply *
Minus -
Null null
Id value
Id is
Id not
Id a
Id type
TraditionalCommentPostfix */
Public public
Class class
Id Je_1_InstanceOf_Null
LeftBrace {
Public public
Id Je_1_InstanceOf_Null
LeftParen (
RightParen )
LeftBrace {
RightBrace }
Public public
Static static
Int int
Id test
LeftParen (
RightParen )
LeftBrace {
Id Object
Id o
Assign =
New new
Id Object
LeftParen (
RightParen )
SemiColon ;
If if
LeftParen (
Id o
InstanceOf instanceof
Null null
RightParen )
Return return
DecimalInteger 100
SemiColon ;
Return return
DecimalInteger 123
SemiColon ;
RightBrace }
RightBrace }
