EolCommentPrefix //
Id JOOS1
Colon :
Id PARSER_WEEDER
Comma ,
Id JOOS1_INTERFACE
Comma ,
Id PARSER_EXCEPTION
EolCommentPrefix //
Id JOOS2
Colon :
Id PARSER_WEEDER
Comma ,
Id INVALID_SOURCE_FILE_NAME
EolCommentPrefix //
Id JAVAC
Colon :
Id UNKNOWN
EolCommentPrefix //
Public public
Interface interface
Id WrongName
LeftBrace {
RightBrace }
